<?xml version="1.0" encoding="utf-8"?><testsuites name="pytest tests"><testsuite name="pytest" errors="0" failures="0" skipped="0" tests="206" time="1.758" timestamp="2026-06-05T05:53:15.964103+00:00" hostname="vm"><testcase classname="tests.test_api.TestHealthEndpoint" name="test_health_200" time="0.455" /><testcase classname="tests.test_api.TestHealthEndpoint" name="test_health_ok" time="0.018" /><testcase classname="tests.test_api.TestUserEndpoints" name="test_register_201" time="0.019" /><testcase classname="tests.test_api.TestUserEndpoints" name="test_register_returns_id" time="0.019" /><testcase classname="tests.test_api.TestUserEndpoints" name="test_duplicate_email_400" time="0.019" /><testcase classname="tests.test_api.TestUserEndpoints" name="test_invalid_email_400" time="0.018" /><testcase classname="tests.test_api.TestUserEndpoints" name="test_get_user_200" time="0.023" /><testcase classname="tests.test_api.TestUserEndpoints" name="test_get_user_profile" time="0.019" /><testcase classname="tests.test_api.TestUserEndpoints" name="test_get_nonexistent_400" time="0.018" /><testcase classname="tests.test_api.TestUserEndpoints" name="test_block_user" time="0.019" /><testcase classname="tests.test_api.TestUserEndpoints" name="test_authenticate_success" time="0.019" /><testcase classname="tests.test_api.TestUserEndpoints" name="test_authenticate_wrong_pass_400" time="0.019" /><testcase classname="tests.test_api.TestCourseEndpoints" name="test_create_course_201" time="0.019" /><testcase classname="tests.test_api.TestCourseEndpoints" name="test_list_published_courses" time="0.022" /><testcase classname="tests.test_api.TestCourseEndpoints" name="test_publish_course" time="0.020" /><testcase classname="tests.test_api.TestCourseEndpoints" name="test_add_lesson" time="0.024" /><testcase classname="tests.test_api.TestCourseEndpoints" name="test_get_lessons" time="0.022" /><testcase classname="tests.test_api.TestEnrollmentEndpoints" name="test_enroll_201" time="0.024" /><testcase classname="tests.test_api.TestEnrollmentEndpoints" name="test_enroll_twice_400" time="0.025" /><testcase classname="tests.test_api.TestEnrollmentEndpoints" name="test_progress_after_enroll" time="0.024" /><testcase classname="tests.test_api.TestEnrollmentEndpoints" name="test_complete_lesson_updates_progress" time="0.025" /><testcase classname="tests.test_api.TestEnrollmentEndpoints" name="test_user_courses" time="0.023" /><testcase classname="tests.test_api.TestEnrollmentEndpoints" name="test_unenroll" time="0.024" /><testcase classname="tests.test_api.TestQuizEndpoints" name="test_create_quiz_201" time="0.023" /><testcase classname="tests.test_api.TestQuizEndpoints" name="test_add_question" time="0.022" /><testcase classname="tests.test_api.TestQuizEndpoints" name="test_full_quiz_workflow" time="0.027" /><testcase classname="tests.test_api.TestQuizEndpoints" name="test_quiz_results" time="0.026" /><testcase classname="tests.test_api.TestQuizEndpoints" name="test_too_many_attempts_400" time="0.026" /><testcase classname="tests.test_course_service.TestCourseCreation" name="test_create_course_success" time="0.001" /><testcase classname="tests.test_course_service.TestCourseCreation" name="test_create_course_trims_title" time="0.001" /><testcase classname="tests.test_course_service.TestCourseCreation" name="test_create_course_short_title_raises" time="0.002" /><testcase classname="tests.test_course_service.TestCourseCreation" name="test_create_course_short_description_raises" time="0.001" /><testcase classname="tests.test_course_service.TestCourseCreation" name="test_create_course_negative_max_students_raises" time="0.001" /><testcase classname="tests.test_course_service.TestCourseCreation" name="test_create_course_zero_max_students_raises" time="0.001" /><testcase classname="tests.test_course_service.TestCourseCreation" name="test_create_course_with_max_students" time="0.001" /><testcase classname="tests.test_course_service.TestCourseCreation" name="test_create_course_no_max_students" time="0.001" /><testcase classname="tests.test_course_service.TestCourseCreation" name="test_create_multiple_courses_unique_ids" time="0.001" /><testcase classname="tests.test_course_service.TestCourseCreation" name="test_create_course_with_difficulty" time="0.001" /><testcase classname="tests.test_course_service.TestCoursePublishing" name="test_publish_draft_course" time="0.001" /><testcase classname="tests.test_course_service.TestCoursePublishing" name="test_publish_nonexistent_course_raises" time="0.001" /><testcase classname="tests.test_course_service.TestCoursePublishing" name="test_archive_published_course" time="0.001" /><testcase classname="tests.test_course_service.TestCoursePublishing" name="test_is_published_returns_true" time="0.001" /><testcase classname="tests.test_course_service.TestCoursePublishing" name="test_draft_not_published" time="0.001" /><testcase classname="tests.test_course_service.TestCoursePublishing" name="test_get_published_courses" time="0.001" /><testcase classname="tests.test_course_service.TestCoursePublishing" name="test_draft_not_in_published_list" time="0.001" /><testcase classname="tests.test_course_service.TestCourseRetrieval" name="test_get_course_success" time="0.001" /><testcase classname="tests.test_course_service.TestCourseRetrieval" name="test_get_nonexistent_course_raises" time="0.001" /><testcase classname="tests.test_course_service.TestCourseRetrieval" name="test_get_courses_by_teacher" time="0.002" /><testcase classname="tests.test_course_service.TestCourseRetrieval" name="test_get_courses_by_category" time="0.001" /><testcase classname="tests.test_course_service.TestCourseRetrieval" name="test_search_courses_by_title" time="0.001" /><testcase classname="tests.test_course_service.TestCourseRetrieval" name="test_search_courses_by_description" time="0.001" /><testcase classname="tests.test_course_service.TestCourseRetrieval" name="test_search_courses_no_result" time="0.001" /><testcase classname="tests.test_course_service.TestLessonManagement" name="test_add_lesson_success" time="0.001" /><testcase classname="tests.test_course_service.TestLessonManagement" name="test_add_lesson_to_nonexistent_course_raises" time="0.001" /><testcase classname="tests.test_course_service.TestLessonManagement" name="test_add_lesson_short_title_raises" time="0.001" /><testcase classname="tests.test_course_service.TestLessonManagement" name="test_add_lesson_empty_content_raises" time="0.001" /><testcase classname="tests.test_course_service.TestLessonManagement" name="test_get_course_lessons_ordered" time="0.001" /><testcase classname="tests.test_course_service.TestLessonManagement" name="test_get_course_lessons_empty" time="0.001" /><testcase classname="tests.test_course_service.TestLessonManagement" name="test_lesson_added_to_course_ids" time="0.001" /><testcase classname="tests.test_course_service.TestLessonManagement" name="test_delete_lesson" time="0.001" /><testcase classname="tests.test_course_service.TestLessonManagement" name="test_delete_nonexistent_lesson_raises" time="0.001" /><testcase classname="tests.test_course_service.TestLessonManagement" name="test_get_nonexistent_lesson_raises" time="0.001" /><testcase classname="tests.test_course_service.TestCourseUpdate" name="test_update_course_title" time="0.001" /><testcase classname="tests.test_course_service.TestCourseUpdate" name="test_update_course_category" time="0.001" /><testcase classname="tests.test_course_service.TestCourseUpdate" name="test_update_nonexistent_course_raises" time="0.001" /><testcase classname="tests.test_course_service.TestCourseUpdate" name="test_course_has_capacity_no_limit" time="0.001" /><testcase classname="tests.test_course_service.TestCourseUpdate" name="test_course_has_no_capacity_when_full" time="0.001" /><testcase classname="tests.test_enrollment_service.TestEnrollment" name="test_enroll_student_success" time="0.002" /><testcase classname="tests.test_enrollment_service.TestEnrollment" name="test_enroll_emits_event" time="0.002" /><testcase classname="tests.test_enrollment_service.TestEnrollment" name="test_enroll_updates_course_enrollment_count" time="0.002" /><testcase classname="tests.test_enrollment_service.TestEnrollment" name="test_enroll_adds_course_to_user" time="0.002" /><testcase classname="tests.test_enrollment_service.TestEnrollment" name="test_enroll_draft_course_raises" time="0.002" /><testcase classname="tests.test_enrollment_service.TestEnrollment" name="test_enroll_twice_raises" time="0.002" /><testcase classname="tests.test_enrollment_service.TestEnrollment" name="test_enroll_full_course_raises" time="0.001" /><testcase classname="tests.test_enrollment_service.TestEnrollment" name="test_enroll_nonexistent_student_raises" time="0.002" /><testcase classname="tests.test_enrollment_service.TestEnrollment" name="test_enroll_nonexistent_course_raises" time="0.002" /><testcase classname="tests.test_enrollment_service.TestEnrollment" name="test_enroll_sets_total_lessons" time="0.002" /><testcase classname="tests.test_enrollment_service.TestUnenrollment" name="test_unenroll_success" time="0.002" /><testcase classname="tests.test_enrollment_service.TestUnenrollment" name="test_unenroll_decrements_course_count" time="0.002" /><testcase classname="tests.test_enrollment_service.TestUnenrollment" name="test_unenroll_not_enrolled_raises" time="0.002" /><testcase classname="tests.test_enrollment_service.TestUnenrollment" name="test_reenroll_after_unenroll" time="0.002" /><testcase classname="tests.test_enrollment_service.TestLessonCompletion" name="test_complete_lesson_success" time="0.002" /><testcase classname="tests.test_enrollment_service.TestLessonCompletion" name="test_complete_lesson_updates_percent" time="0.002" /><testcase classname="tests.test_enrollment_service.TestLessonCompletion" name="test_complete_all_lessons_marks_completed" time="0.002" /><testcase classname="tests.test_enrollment_service.TestLessonCompletion" name="test_complete_all_emits_course_completed_event" time="0.002" /><testcase classname="tests.test_enrollment_service.TestLessonCompletion" name="test_complete_lesson_idempotent" time="0.002" /><testcase classname="tests.test_enrollment_service.TestLessonCompletion" name="test_complete_lesson_not_enrolled_raises" time="0.002" /><testcase classname="tests.test_enrollment_service.TestProgressTracking" name="test_get_progress_not_started" time="0.002" /><testcase classname="tests.test_enrollment_service.TestProgressTracking" name="test_get_progress_in_progress_after_lesson" time="0.002" /><testcase classname="tests.test_enrollment_service.TestProgressTracking" name="test_get_user_courses_returns_enrolled" time="0.002" /><testcase classname="tests.test_enrollment_service.TestProgressTracking" name="test_get_course_students_count" time="0.002" /><testcase classname="tests.test_enrollment_service.TestProgressTracking" name="test_get_lesson_progress_empty_initially" time="0.002" /><testcase classname="tests.test_enrollment_service.TestProgressTracking" name="test_get_lesson_progress_after_completion" time="0.002" /><testcase classname="tests.test_enrollment_service.TestProgressTracking" name="test_completion_percent_zero_initially" time="0.002" /><testcase classname="tests.test_enrollment_service.TestProgressTracking" name="test_completion_percent_100_when_done" time="0.002" /><testcase classname="tests.test_enrollment_service.TestProgressTracking" name="test_multiple_students_independent_progress" time="0.002" /><testcase classname="tests.test_observers_and_repos.TestEventBus" name="test_subscribe_and_receive_event" time="0.001" /><testcase classname="tests.test_observers_and_repos.TestEventBus" name="test_multiple_subscribers" time="0.000" /><testcase classname="tests.test_observers_and_repos.TestEventBus" name="test_unsubscribe_stops_receiving" time="0.000" /><testcase classname="tests.test_observers_and_repos.TestEventBus" name="test_history_records_all_events" time="0.000" /><testcase classname="tests.test_observers_and_repos.TestEventBus" name="test_clear_history" time="0.001" /><testcase classname="tests.test_observers_and_repos.TestEventBus" name="test_wrong_event_type_not_delivered" time="0.000" /><testcase classname="tests.test_observers_and_repos.TestEventBus" name="test_multiple_event_types" time="0.001" /><testcase classname="tests.test_observers_and_repos.TestInMemoryUserRepository" name="test_save_assigns_id" time="0.001" /><testcase classname="tests.test_observers_and_repos.TestInMemoryUserRepository" name="test_save_and_find_by_id" time="0.001" /><testcase classname="tests.test_observers_and_repos.TestInMemoryUserRepository" name="test_find_nonexistent_returns_none" time="0.001" /><testcase classname="tests.test_observers_and_repos.TestInMemoryUserRepository" name="test_find_by_email" time="0.001" /><testcase classname="tests.test_observers_and_repos.TestInMemoryUserRepository" name="test_find_by_email_not_found" time="0.001" /><testcase classname="tests.test_observers_and_repos.TestInMemoryUserRepository" name="test_delete_existing" time="0.001" /><testcase classname="tests.test_observers_and_repos.TestInMemoryUserRepository" name="test_delete_nonexistent_returns_false" time="0.001" /><testcase classname="tests.test_observers_and_repos.TestInMemoryUserRepository" name="test_find_all_returns_all" time="0.001" /><testcase classname="tests.test_observers_and_repos.TestInMemoryUserRepository" name="test_exists_true" time="0.001" /><testcase classname="tests.test_observers_and_repos.TestInMemoryUserRepository" name="test_exists_false" time="0.001" /><testcase classname="tests.test_observers_and_repos.TestCourseProgressModel" name="test_initial_status_not_started" time="0.000" /><testcase classname="tests.test_observers_and_repos.TestCourseProgressModel" name="test_start_changes_status" time="0.000" /><testcase classname="tests.test_observers_and_repos.TestCourseProgressModel" name="test_start_idempotent" time="0.001" /><testcase classname="tests.test_observers_and_repos.TestCourseProgressModel" name="test_complete_lesson_updates_list" time="0.000" /><testcase classname="tests.test_observers_and_repos.TestCourseProgressModel" name="test_complete_all_lessons_marks_completed" time="0.001" /><testcase classname="tests.test_observers_and_repos.TestCourseProgressModel" name="test_completion_percent_calculation" time="0.001" /><testcase classname="tests.test_observers_and_repos.TestCourseProgressModel" name="test_completion_percent_zero_lessons" time="0.001" /><testcase classname="tests.test_observers_and_repos.TestLessonProgressModel" name="test_initial_not_completed" time="0.001" /><testcase classname="tests.test_observers_and_repos.TestLessonProgressModel" name="test_mark_completed" time="0.001" /><testcase classname="tests.test_observers_and_repos.TestLessonProgressModel" name="test_mark_completed_sets_timestamp" time="0.000" /><testcase classname="tests.test_quiz_service.TestQuizCreation" name="test_create_quiz_success" time="0.002" /><testcase classname="tests.test_quiz_service.TestQuizCreation" name="test_create_quiz_custom_passing_score" time="0.002" /><testcase classname="tests.test_quiz_service.TestQuizCreation" name="test_create_quiz_short_title_raises" time="0.002" /><testcase classname="tests.test_quiz_service.TestQuizCreation" name="test_create_quiz_invalid_passing_score_raises" time="0.002" /><testcase classname="tests.test_quiz_service.TestQuizCreation" name="test_create_quiz_negative_passing_score_raises" time="0.002" /><testcase classname="tests.test_quiz_service.TestQuizCreation" name="test_create_quiz_zero_max_attempts_raises" time="0.002" /><testcase classname="tests.test_quiz_service.TestQuizCreation" name="test_create_quiz_with_time_limit" time="0.001" /><testcase classname="tests.test_quiz_service.TestQuizCreation" name="test_get_quiz_success" time="0.002" /><testcase classname="tests.test_quiz_service.TestQuizCreation" name="test_get_nonexistent_quiz_raises" time="0.001" /><testcase classname="tests.test_quiz_service.TestQuizCreation" name="test_create_multiple_quizzes_unique_ids" time="0.001" /><testcase classname="tests.test_quiz_service.TestQuestionManagement" name="test_add_question_success" time="0.002" /><testcase classname="tests.test_quiz_service.TestQuestionManagement" name="test_add_question_empty_text_raises" time="0.002" /><testcase classname="tests.test_quiz_service.TestQuestionManagement" name="test_add_question_zero_points_raises" time="0.001" /><testcase classname="tests.test_quiz_service.TestQuestionManagement" name="test_add_question_to_nonexistent_quiz_raises" time="0.001" /><testcase classname="tests.test_quiz_service.TestQuestionManagement" name="test_questions_ordered_by_order_field" time="0.002" /><testcase classname="tests.test_quiz_service.TestQuestionManagement" name="test_question_correct_answer_ids" time="0.002" /><testcase classname="tests.test_quiz_service.TestQuestionManagement" name="test_multiple_choice_correct_answers" time="0.002" /><testcase classname="tests.test_quiz_service.TestQuizAttempts" name="test_start_attempt_success" time="0.002" /><testcase classname="tests.test_quiz_service.TestQuizAttempts" name="test_start_too_many_attempts_raises" time="0.002" /><testcase classname="tests.test_quiz_service.TestQuizAttempts" name="test_submit_attempt_success" time="0.002" /><testcase classname="tests.test_quiz_service.TestQuizAttempts" name="test_submit_all_correct_passes" time="0.002" /><testcase classname="tests.test_quiz_service.TestQuizAttempts" name="test_submit_all_wrong_fails" time="0.002" /><testcase classname="tests.test_quiz_service.TestQuizAttempts" name="test_submit_twice_raises" time="0.002" /><testcase classname="tests.test_quiz_service.TestQuizAttempts" name="test_submit_nonexistent_attempt_raises" time="0.001" /><testcase classname="tests.test_quiz_service.TestQuizAttempts" name="test_score_percent_all_correct" time="0.002" /><testcase classname="tests.test_quiz_service.TestQuizAttempts" name="test_score_percent_zero_wrong" time="0.002" /><testcase classname="tests.test_quiz_service.TestQuizAttempts" name="test_get_remaining_attempts_initial" time="0.002" /><testcase classname="tests.test_quiz_service.TestQuizAttempts" name="test_get_remaining_attempts_decreases" time="0.002" /><testcase classname="tests.test_quiz_service.TestQuizAttempts" name="test_get_best_score_none_initially" time="0.002" /><testcase classname="tests.test_quiz_service.TestQuizAttempts" name="test_get_best_score_after_attempt" time="0.002" /><testcase classname="tests.test_quiz_service.TestQuizAttempts" name="test_get_attempt_results_dict" time="0.002" /><testcase classname="tests.test_quiz_service.TestQuizAttempts" name="test_get_user_attempts" time="0.002" /><testcase classname="tests.test_quiz_service.TestGradingStrategies" name="test_strict_single_correct" time="0.002" /><testcase classname="tests.test_quiz_service.TestGradingStrategies" name="test_strict_single_wrong" time="0.002" /><testcase classname="tests.test_quiz_service.TestGradingStrategies" name="test_strict_multiple_all_correct" time="0.002" /><testcase classname="tests.test_quiz_service.TestGradingStrategies" name="test_strict_multiple_partial_gives_zero" time="0.002" /><testcase classname="tests.test_quiz_service.TestGradingStrategies" name="test_partial_strategy_gives_half_points" time="0.002" /><testcase classname="tests.test_quiz_service.TestGradingStrategies" name="test_partial_strategy_wrong_answer_penalizes" time="0.002" /><testcase classname="tests.test_quiz_service.TestGradingStrategies" name="test_switch_grading_strategy" time="0.002" /><testcase classname="tests.test_quiz_service.TestGradingStrategies" name="test_quiz_is_passed_above_threshold" time="0.002" /><testcase classname="tests.test_quiz_service.TestGradingStrategies" name="test_quiz_is_not_passed_below_threshold" time="0.002" /><testcase classname="tests.test_user_service.TestUserRegistration" name="test_register_student_success" time="0.001" /><testcase classname="tests.test_user_service.TestUserRegistration" name="test_register_teacher_success" time="0.001" /><testcase classname="tests.test_user_service.TestUserRegistration" name="test_register_trims_name" time="0.001" /><testcase classname="tests.test_user_service.TestUserRegistration" name="test_register_lowercases_email" time="0.001" /><testcase classname="tests.test_user_service.TestUserRegistration" name="test_register_duplicate_email_raises" time="0.001" /><testcase classname="tests.test_user_service.TestUserRegistration" name="test_register_invalid_email_raises" time="0.001" /><testcase classname="tests.test_user_service.TestUserRegistration" name="test_register_invalid_email_no_dot" time="0.001" /><testcase classname="tests.test_user_service.TestUserRegistration" name="test_register_short_name_raises" time="0.001" /><testcase classname="tests.test_user_service.TestUserRegistration" name="test_register_empty_name_raises" time="0.001" /><testcase classname="tests.test_user_service.TestUserRegistration" name="test_register_short_password_raises" time="0.001" /><testcase classname="tests.test_user_service.TestUserRegistration" name="test_register_empty_password_raises" time="0.001" /><testcase classname="tests.test_user_service.TestUserRegistration" name="test_register_password_not_stored_plaintext" time="0.001" /><testcase classname="tests.test_user_service.TestUserRegistration" name="test_register_emits_event" time="0.001" /><testcase classname="tests.test_user_service.TestUserRegistration" name="test_register_multiple_users_unique_ids" time="0.001" /><testcase classname="tests.test_user_service.TestUserRegistration" name="test_register_status_is_active" time="0.001" /><testcase classname="tests.test_user_service.TestUserAuthentication" name="test_authenticate_success" time="0.001" /><testcase classname="tests.test_user_service.TestUserAuthentication" name="test_authenticate_wrong_password_raises" time="0.001" /><testcase classname="tests.test_user_service.TestUserAuthentication" name="test_authenticate_nonexistent_email_raises" time="0.001" /><testcase classname="tests.test_user_service.TestUserAuthentication" name="test_authenticate_blocked_user_raises" time="0.001" /><testcase classname="tests.test_user_service.TestUserAuthentication" name="test_authenticate_case_insensitive_email" time="0.001" /><testcase classname="tests.test_user_service.TestUserBlockUnblock" name="test_block_user_success" time="0.001" /><testcase classname="tests.test_user_service.TestUserBlockUnblock" name="test_block_nonexistent_user_raises" time="0.001" /><testcase classname="tests.test_user_service.TestUserBlockUnblock" name="test_activate_user_success" time="0.001" /><testcase classname="tests.test_user_service.TestUserBlockUnblock" name="test_block_emits_event" time="0.001" /><testcase classname="tests.test_user_service.TestUserBlockUnblock" name="test_blocked_user_is_not_active" time="0.001" /><testcase classname="tests.test_user_service.TestUserProfile" name="test_get_profile_returns_dict" time="0.001" /><testcase classname="tests.test_user_service.TestUserProfile" name="test_get_profile_nonexistent_raises" time="0.001" /><testcase classname="tests.test_user_service.TestUserProfile" name="test_update_name_success" time="0.001" /><testcase classname="tests.test_user_service.TestUserProfile" name="test_update_name_too_short_raises" time="0.002" /><testcase classname="tests.test_user_service.TestUserProfile" name="test_change_password_success" time="0.001" /><testcase classname="tests.test_user_service.TestUserProfile" name="test_change_password_wrong_old_raises" time="0.001" /><testcase classname="tests.test_user_service.TestUserProfile" name="test_change_password_too_short_raises" time="0.001" /><testcase classname="tests.test_user_service.TestUserProfile" name="test_get_all_students" time="0.001" /><testcase classname="tests.test_user_service.TestUserProfile" name="test_get_all_teachers" time="0.001" /><testcase classname="tests.test_user_service.TestUserProfile" name="test_profile_contains_enrolled_courses_count" time="0.001" /><testcase classname="tests.test_user_service.TestUserModel" name="test_user_enroll_adds_course" time="0.001" /><testcase classname="tests.test_user_service.TestUserModel" name="test_user_enroll_idempotent" time="0.001" /><testcase classname="tests.test_user_service.TestUserModel" name="test_user_unenroll_removes_course" time="0.001" /><testcase classname="tests.test_user_service.TestUserModel" name="test_user_unenroll_not_enrolled_safe" time="0.001" /><testcase classname="tests.test_user_service.TestUserModel" name="test_is_student_true" time="0.001" /><testcase classname="tests.test_user_service.TestUserModel" name="test_is_teacher_false_for_student" time="0.001" /><testcase classname="tests.test_user_service.TestUserModel" name="test_is_teacher_true" time="0.001" /></testsuite></testsuites>